[www.molpi.com.ar/index.html]
[backblue.gif]
[fade.gif]
[index.html]
[www.molpi.com.ar/img/favicon.ico]
[www.molpi.com.ar/img/apple-touch-icon.png]
[www.molpi.com.ar/vendor/bootstrap/css/bootstrap.min.css]
[www.molpi.com.ar/vendor/font-awesome/css/font-awesome.min.css]
[www.molpi.com.ar/vendor/animate/animate.min.css]
[www.molpi.com.ar/vendor/simple-line-icons/css/simple-line-icons.min.css]
[www.molpi.com.ar/vendor/owl.carousel/assets/owl.carousel.min.css]
[www.molpi.com.ar/vendor/owl.carousel/assets/owl.theme.default.min.css]
[www.molpi.com.ar/vendor/magnific-popup/magnific-popup.min.css]
[www.molpi.com.ar/css/general.css]
[www.molpi.com.ar/css/elementos-generales.css]
[www.molpi.com.ar/vendor/rs-plugin/css/layers.css]
[www.molpi.com.ar/vendor/rs-plugin/css/settings.css]
[www.molpi.com.ar/css/default.css]
[www.molpi.com.ar/css/custom.css]
[www.molpi.com.ar/vendor/modernizr/modernizr.min.js]
[www.molpi.com.ar/index-2.html]
[www.molpi.com.ar/img/logo.png]
[www.molpi.com.ar/distribuidores.html]
[www.molpi.com.ar/quienes_somos.html]
[www.molpi.com.ar/linea_moldes_para_pisos_20x20.html]
[www.molpi.com.ar/linea_moldes_para_pisos_40x40.html]
[www.molpi.com.ar/linea_moldes_para_pisos_50x50.html]
[www.molpi.com.ar/podotactiles.html]
[www.molpi.com.ar/green.html]
[www.molpi.com.ar/piscinas.html]
[www.molpi.com.ar/revestimientos.html]
[www.molpi.com.ar/placas_antihumedad.html]
[www.molpi.com.ar/insumos.html]
[www.molpi.com.ar/contacto.html]
[www.molpi.com.ar/img/slides/slide-bg.jpg]
[www.molpi.com.ar/img/slides/slide-molde-ilus4.png]
[www.molpi.com.ar/img/slides/slide-molde-ilus2.png]
[www.molpi.com.ar/img/slides/slide-molde-ilus1.png]
[www.molpi.com.ar/img/slides/slide-title-border-linear.png]
[www.molpi.com.ar/img/slides/slide-bg2.jpg]
[www.molpi.com.ar/img/slides/molde1b.png]
[www.molpi.com.ar/img/slides/molde2b.png]
[www.molpi.com.ar/img/slides/molde3b.png]
[www.molpi.com.ar/img/slides/molde4b.png]
[www.molpi.com.ar/img/slides/mosaico1b.png]
[www.molpi.com.ar/img/slides/mosaico2b.png]
[www.molpi.com.ar/img/slides/mosaico3b.png]
[www.molpi.com.ar/img/slides/mosaico4b.png]
[www.molpi.com.ar/img/destacado_pisos.png]
[www.molpi.com.ar/img/destacado_revestimientos.png]
[www.molpi.com.ar/img/destacado_podotactiles.png]
[www.molpi.com.ar/img/destacado_green.png]
[www.molpi.com.ar/img/destacado_piscinas.png]
[www.molpi.com.ar/img/destacado_insumos.png]
[www.molpi.com.ar/vendor/jquery/jquery.min.js]
[www.molpi.com.ar/vendor/jquery.appear/jquery.appear.min.js]
[www.molpi.com.ar/vendor/jquery.easing/jquery.easing.min.js]
[www.seonet.com.ar/blog/marketing-para-pymes/index.html]
[www.molpi.com.ar/vendor/jquery-cookie/jquery-cookie.min.js]
[www.molpi.com.ar/vendor/bootstrap/js/bootstrap.min.js]
[www.molpi.com.ar/vendor/common/common.min.js]
[www.molpi.com.ar/vendor/jquery.validation/jquery.validation.min.js]
[www.molpi.com.ar/vendor/jquery.gmap/jquery.gmap.min.js]
[www.molpi.com.ar/vendor/owl.carousel/owl.carousel.min.js]
[www.molpi.com.ar/js/theme.js]
[www.molpi.com.ar/vendor/rs-plugin/js/jquery.themepunch.tools.min.js]
[www.molpi.com.ar/vendor/rs-plugin/js/jquery.themepunch.revolution.min.js]
[www.molpi.com.ar/js/custom.js]
[www.molpi.com.ar/js/theme.init.js]
[www.molpi.com.ar/index.html]
[fonts.googleapis.com/cssfb2f.css]
[www.molpi.com.ar/vendor/bootstrap/fonts/glyphicons-halflings-regular.eot]
[www.molpi.com.ar/vendor/bootstrap/fonts/glyphicons-halflings-regulard41d.eot]
[www.molpi.com.ar/vendor/bootstrap/fonts/glyphicons-halflings-regular.woff2]
[www.molpi.com.ar/vendor/bootstrap/fonts/glyphicons-halflings-regular.woff]
[www.molpi.com.ar/vendor/bootstrap/fonts/glyphicons-halflings-regular.ttf]
[www.molpi.com.ar/vendor/bootstrap/css/bootstrap.min.css]
[www.molpi.com.ar/vendor/font-awesome/fonts/fontawesome-webfont3e6e.eot]
[www.molpi.com.ar/vendor/font-awesome/fonts/fontawesome-webfontd41d.eot]
[www.molpi.com.ar/vendor/font-awesome/fonts/fontawesome-webfont3e6e.woff2]
[www.molpi.com.ar/vendor/font-awesome/fonts/fontawesome-webfont3e6e.woff]
[www.molpi.com.ar/vendor/font-awesome/fonts/fontawesome-webfont3e6e.ttf]
[www.molpi.com.ar/vendor/font-awesome/css/font-awesome.min.css]
[www.molpi.com.ar/vendor/animate/animate.min.css]
[www.molpi.com.ar/vendor/simple-line-icons/fonts/Simple-Line-Iconsb26c.eot]
[www.molpi.com.ar/vendor/simple-line-icons/fonts/Simple-Line-Iconsb26c.woff2]
[www.molpi.com.ar/vendor/simple-line-icons/fonts/Simple-Line-Iconsb26c.ttf]
[www.molpi.com.ar/vendor/simple-line-icons/fonts/Simple-Line-Iconsb26c.woff]
[www.molpi.com.ar/vendor/simple-line-icons/css/simple-line-icons.min.css]
[www.molpi.com.ar/vendor/owl.carousel/assets/owl.video.play.png]
[www.molpi.com.ar/vendor/owl.carousel/assets/owl.carousel.min.css]
[www.molpi.com.ar/vendor/owl.carousel/assets/owl.theme.default.min.css]
[www.molpi.com.ar/vendor/magnific-popup/magnific-popup.min.css]
[www.molpi.com.ar/img/arrows-dark.png]
[www.molpi.com.ar/css/general.css]
[www.molpi.com.ar/img/patterns/stripes.png]
[www.molpi.com.ar/img/patterns/worn_dots.png]
[www.molpi.com.ar/img/patterns/az_subtle.png]
[www.molpi.com.ar/img/arrows.png]
[www.molpi.com.ar/css/elementos-generales.css]
[www.molpi.com.ar/vendor/rs-plugin/css/layers.css]
[www.molpi.com.ar/vendor/rs-plugin/fonts/revicons/revicons90c6.eot]
[www.molpi.com.ar/vendor/rs-plugin/fonts/revicons/revicons90c6.woff]
[www.molpi.com.ar/vendor/rs-plugin/fonts/revicons/revicons90c6.ttf]
[www.molpi.com.ar/vendor/rs-plugin/css/openhand.cur]
[www.molpi.com.ar/vendor/rs-plugin/css/closedhand.cur]
[www.molpi.com.ar/vendor/rs-plugin/assets/gridtile.png]
[www.molpi.com.ar/vendor/rs-plugin/assets/gridtile_white.png]
[www.molpi.com.ar/vendor/rs-plugin/assets/gridtile_3x3.png]
[www.molpi.com.ar/vendor/rs-plugin/assets/gridtile_3x3_white.png]
[www.molpi.com.ar/vendor/rs-plugin/assets/coloredbg.png]
[www.molpi.com.ar/vendor/rs-plugin/assets/loader.gif]
[www.molpi.com.ar/vendor/rs-plugin/css/settings.css]
[www.molpi.com.ar/css/default.css]
[www.molpi.com.ar/css/custom.css]
[www.molpi.com.ar/index-2.html]
[www.molpi.com.ar/vendor/jquery.easy-pie-chart/jquery.easy-pie-chart.min.js]
[www.molpi.com.ar/vendor/jquery.lazyload/jquery.lazyload.min.js]
[www.molpi.com.ar/vendor/isotope/jquery.isotope.min.js]
[www.molpi.com.ar/vendor/magnific-popup/jquery.magnific-popup.min.js]
[www.molpi.com.ar/vendor/vide/vide.min.js]
[www.molpi.com.ar/js/views/view.contact.js]
[www.molpi.com.ar/distribuidores.html]
[www.molpi.com.ar/quienes_somos.html]
[www.molpi.com.ar/css/particular_productos.css]
[www.molpi.com.ar/pdf/catalogo_general.pdf]
[www.molpi.com.ar/img/products/plano_20x20.png]
[www.molpi.com.ar/img/products/vainilla_de_3_molde.jpg]
[www.molpi.com.ar/img/products/vainilla_de_3_mosaico.png]
[www.molpi.com.ar/img/products/vainilla_de_4_molde.jpg]
[www.molpi.com.ar/img/products/vainilla_de_5_molde.jpg]
[www.molpi.com.ar/img/products/vainilla_de_6_molde.jpg]
[www.molpi.com.ar/img/products/vainilla_de_6_mosaico.png]
[www.molpi.com.ar/img/products/9_panes_molde.jpg]
[www.molpi.com.ar/img/products/9_panes_mosaico.png]
[www.molpi.com.ar/img/products/laja_20_molde.jpg]
[www.molpi.com.ar/img/products/lisa_20_mosaico_b.png]
[www.molpi.com.ar/img/products/lisa_20_molde.jpg]
[www.molpi.com.ar/img/products/lisa_20_mosaico.png]
[www.molpi.com.ar/img/products/laja_n2_40x20_molde.jpg]
[www.molpi.com.ar/linea_moldes_para_pisos_20x20.html]
[www.molpi.com.ar/img/products/plano_40x40.png]
[www.molpi.com.ar/img/products/abanico_liso_molde.jpg]
[www.molpi.com.ar/img/products/abanico_liso_mosaico.png]
[www.molpi.com.ar/img/products/abanico_rustico_molde.jpg]
[www.molpi.com.ar/img/products/abanico_rustico_mosaico.png]
[www.molpi.com.ar/img/products/adoquin_curvo_chico_molde.jpg]
[www.molpi.com.ar/img/products/adoquin_curvo_chico_mosaico.png]
[www.molpi.com.ar/img/products/adoquin_curvo_grande_molde.jpg]
[www.molpi.com.ar/img/products/adoquin_curvo_grande_mosaico.png]
[www.molpi.com.ar/img/products/adoquin_recto_chico_molde.jpg]
[www.molpi.com.ar/img/products/adoquin_recto_chico_mosaico.png]
[www.molpi.com.ar/img/products/adoquin_recto_grande_molde.jpg]
[www.molpi.com.ar/img/products/adoquin_recto_grande_mosaico.png]
[www.molpi.com.ar/img/products/laja_espaniola_molde.jpg]
[www.molpi.com.ar/img/products/laja_espaniola_mosaico.png]
[www.molpi.com.ar/img/products/laja_ladrillo_molde.jpg]
[www.molpi.com.ar/img/products/laja_ladrillo_mosaico.png]
[www.molpi.com.ar/img/products/laja_san_luis_molde.jpg]
[www.molpi.com.ar/img/products/laja_san_luis_mosaico.png]
[www.molpi.com.ar/img/products/laja_san_luis_2_molde.jpg]
[www.molpi.com.ar/img/products/laja_san_luis_2_mosaico.png]
[www.molpi.com.ar/img/products/laja_san_luis_3_molde.jpg]
[www.molpi.com.ar/img/products/laja_san_luis_3_mosaico.png]
[www.molpi.com.ar/img/products/cachada_molde.jpg]
[www.molpi.com.ar/img/products/cachada_mosaico.png]
[www.molpi.com.ar/img/products/laja_numero_2_octogonal_molde.jpg]
[www.molpi.com.ar/img/products/laja_numero_2_octogonal_mosaico.png]
[www.molpi.com.ar/img/products/laja_san_pedro_molde.jpg]
[www.molpi.com.ar/img/products/riojana_molde.jpg]
[www.molpi.com.ar/img/products/riojana_mosaico.png]
[www.molpi.com.ar/img/products/riojana_con_bisel_molde.jpg]
[www.molpi.com.ar/img/products/riojana_con_bisel_mosaico.png]
[www.molpi.com.ar/img/products/gregoriana_molde.jpg]
[www.molpi.com.ar/img/products/gregoriana_mosaico.png]
[www.molpi.com.ar/img/products/travertino_viejo_molde.jpg]
[www.molpi.com.ar/img/products/travertino_viejo_mosaico.png]
[www.molpi.com.ar/img/products/liso_40_molde.jpg]
[www.molpi.com.ar/img/products/liso_40_mosaico.png]
[www.molpi.com.ar/img/products/lisa_con_bisel_molde.jpg]
[www.molpi.com.ar/img/products/lisa_con_bisel_mosaico.png]
[www.molpi.com.ar/img/products/64_panes_molde.jpg]
[www.molpi.com.ar/img/products/64_panes_mosaico.png]
[www.molpi.com.ar/img/products/octogonal_molde.jpg]
[www.molpi.com.ar/img/products/octogonal_mosaico.png]
[www.molpi.com.ar/img/products/curvo_chico_liso_molde.jpg]
[www.molpi.com.ar/img/products/curvo_chico_liso_mosaico.png]
[www.molpi.com.ar/img/products/flor_circular_molde.jpg]
[www.molpi.com.ar/img/products/antideslizante_40x40_molde.jpg]
[www.molpi.com.ar/img/products/guarda_molde.jpg]
[www.molpi.com.ar/img/products/guarda_mosaico.png]
[www.molpi.com.ar/img/products/zocalo_lineal_molde.jpg]
[www.molpi.com.ar/img/products/zocalo_lineal_mosaico.png]
[www.molpi.com.ar/img/products/zocalo_incaico_molde.jpg]
[www.molpi.com.ar/img/products/zocalo_incaico_mosaico.png]
[www.molpi.com.ar/linea_moldes_para_pisos_40x40.html]
[www.molpi.com.ar/img/products/plano_50x50.png]
[www.molpi.com.ar/img/products/laja_san_juan_molde.jpg]
[www.molpi.com.ar/img/products/laja_san_juan_mosaico.png]
[www.molpi.com.ar/img/products/laja_colonial_molde.jpg]
[www.molpi.com.ar/img/products/laja_colonial_mosaico.png]
[www.molpi.com.ar/img/products/deck_simil_madera_molde.jpg]
[www.molpi.com.ar/img/products/deck_simil_madera_mosaico.png]
[www.molpi.com.ar/img/products/deckmadera_antideslizante_molde.jpg]
[www.molpi.com.ar/img/products/deckmadera_antideslizante_mosaico.png]
[www.molpi.com.ar/img/products/madera_6_cm_molde.jpg]
[www.molpi.com.ar/img/products/madera_6_cm_mosaico.png]
[www.molpi.com.ar/img/products/liso_50_molde.jpg]
[www.molpi.com.ar/img/products/liso_50_mosaico.png]
[www.molpi.com.ar/img/products/quebracho_molde.jpg]
[www.molpi.com.ar/img/products/quebracho_mosaico.png]
[www.molpi.com.ar/img/products/corteza_molde.jpg]
[www.molpi.com.ar/img/products/corteza_mosaico.png]
[www.molpi.com.ar/linea_moldes_para_pisos_50x50.html]
[www.molpi.com.ar/img/products/circulos_ciegos_molde.jpg]
[www.molpi.com.ar/img/products/circulos_ciegos_mosaico.png]
[www.molpi.com.ar/img/products/barras_molde.jpg]
[www.molpi.com.ar/img/products/barras_mosaico.png]
[www.molpi.com.ar/img/products/discapacitado_molde.jpg]
[www.molpi.com.ar/img/products/discapacitado_mosaico.png]
[www.molpi.com.ar/podotactiles.html]
[www.molpi.com.ar/img/products/rombo_green_molde.jpg]
[www.molpi.com.ar/img/products/rombo_green_mosaico.png]
[www.molpi.com.ar/img/products/circulos_green_molde.jpg]
[www.molpi.com.ar/img/products/circulos_green_mosaico.png]
[www.molpi.com.ar/img/products/recto_green_molde.jpg]
[www.molpi.com.ar/img/products/recto_green_mosaico.png]
[www.molpi.com.ar/img/products/adoquin_individual_molde.jpg]
[www.molpi.com.ar/img/products/adoquin_individual_mosaico.png]
[www.molpi.com.ar/img/products/intertrabado.jpg]
[www.molpi.com.ar/img/products/intertrabado_mosaico.png]
[www.molpi.com.ar/green.html]
[www.molpi.com.ar/img/products/piscina_travertino_50x50_molde.jpg]
[www.molpi.com.ar/img/products/piscina_travertino_50x50_mosaico.png]
[www.molpi.com.ar/img/products/piscina_borde_recto_diente_50x50.png]
[www.molpi.com.ar/pdf/travertino_con_diente.png]
[www.molpi.com.ar/img/products/piscina_borderecto_40x50_molde.jpg]
[www.molpi.com.ar/img/products/piscina_escalon_32x18_molde.jpg]
[www.molpi.com.ar/img/products/piscina_arco_romano_molde.jpg]
[www.molpi.com.ar/img/products/piscina_arco_romano_mosaico.png]
[www.molpi.com.ar/pdf/arco-romano.jpg]
[www.molpi.com.ar/img/products/piscina_borde_ballena_40x50_molde.jpg]
[www.molpi.com.ar/img/products/piscina_borde_ballena_40x50_mosaico.png]
[www.molpi.com.ar/img/products/piscina_esquinero_50x50_molde.jpg]
[www.molpi.com.ar/img/products/piscina_esquinero_50x50_mosaico.png]
[www.molpi.com.ar/img/products/piscina_esquinero_invertido_50x50_molde.jpg]
[www.molpi.com.ar/img/products/piscina_esquinero_invertido_50x50_mosaico.png]
[www.molpi.com.ar/img/products/piscina_rejilla_molde.jpg]
[www.molpi.com.ar/img/products/piscina_rejilla_mosaico.png]
[www.molpi.com.ar/img/products/piscina_esquina_rejilla_molde.jpg]
[www.molpi.com.ar/img/products/piscina_esquina_rejilla_mosaico.png]
[www.molpi.com.ar/img/products/deckmadera_antideslizanteamarillo_mosaico.png]
[www.molpi.com.ar/pdf/deck_madera_con_diente.png]
[www.molpi.com.ar/img/products/piscina_deck_travertino_molde.jpg]
[www.molpi.com.ar/img/products/piscina_deck_travertino_mosaico.png]
[www.molpi.com.ar/piscinas.html]
[www.molpi.com.ar/img/products/simil_piedra_molde.jpg]
[www.molpi.com.ar/img/products/murete_quarzita_molde.jpg]
[www.molpi.com.ar/img/products/murete_quarzita_mosaico.png]
[www.molpi.com.ar/img/products/trapezoide_molde.jpg]
[www.molpi.com.ar/img/products/trapezoidegris_mosaico.png]
[www.molpi.com.ar/img/products/ondas_molde.jpg]
[www.molpi.com.ar/img/products/ondasgris_mosaico.png]
[www.molpi.com.ar/img/products/piedra_encastrable_molde.jpg]
[www.molpi.com.ar/img/products/piedra_encastrablegris_mosaico.png]
[www.molpi.com.ar/img/products/3d_molde.jpg]
[www.molpi.com.ar/img/products/revestimiento_3dgris_mosaico.png]
[www.molpi.com.ar/img/products/revestimiento_20x40_molde.jpg]
[www.molpi.com.ar/revestimientos.html]
[www.molpi.com.ar/img/products/trapezoide_mosaico.png]
[www.molpi.com.ar/img/products/ondas_mosaico.png]
[www.molpi.com.ar/img/products/piedra_encastrable_mosaico.png]
[www.molpi.com.ar/img/products/revestimiento_3d_mosaico.png]
[www.molpi.com.ar/img/products/travertino_viejo_yeso_mosaico.png]
[www.molpi.com.ar/placas_antihumedad.html]
[www.molpi.com.ar/img/products/insumos/insumos_bidon_negro.jpg]
[www.molpi.com.ar/img/products/insumos/insumos_botella_negro.png]
[www.molpi.com.ar/img/products/insumos/insumos_bidon_natural.jpg]
[www.molpi.com.ar/img/products/insumos/insumos_botella_natural.png]
[www.molpi.com.ar/img/products/insumos/insumos_bidon_rojo.jpg]
[www.molpi.com.ar/img/products/insumos/insumos_botella_rojo.png]
[www.molpi.com.ar/img/products/insumos/insumos_bidon_terracota.jpg]
[www.molpi.com.ar/img/products/insumos/insumos_botella_terracota.png]
[www.molpi.com.ar/img/products/insumos/insumos_pigmento_rojo.jpg]
[www.molpi.com.ar/img/products/insumos/insumos_pigmento_amarillo.jpg]
[www.molpi.com.ar/img/products/insumos/insumos_pigmento_negro.jpg]
[www.molpi.com.ar/img/products/insumos/insumos_pigmento_gris.jpg]
[www.molpi.com.ar/img/products/insumos/insumos_pigmento_verde_concentrado.jpg]
[www.molpi.com.ar/img/products/insumos/insumos_pigmento_terracota.jpg]
[www.molpi.com.ar/img/products/insumos/insumos_pigmento_azul_concentrado.jpg]
[www.molpi.com.ar/img/products/insumos/insumos_pigmento_verde_extra.jpg]
[www.molpi.com.ar/img/products/insumos/insumos_pigmento_azul_extra.jpg]
[www.molpi.com.ar/img/products/insumos/insumos_pigmento_habano_concentrado.jpg]
[www.molpi.com.ar/img/products/insumos/insumos_pigmento_marron_concentrado.jpg]
[www.molpi.com.ar/img/products/insumos/insumos_pigmento_siena_concentrado.jpg]
[www.molpi.com.ar/insumos.html]
[www.molpi.com.ar/contacto.html]
[www.facebook.com/Molpi-171678872861954/index.html]
[www.instagram.com/molpi.moldes/index.html]
[fonts.googleapis.com/index.html]
[www.seonet.com.ar/blog/wp-includes/js/jquery/jquery.minf43b.js]
[www.seonet.com.ar/blog/wp-content/uploads/2024/05/cropped-android-chrome-512x512-1-32x32.png]
[www.seonet.com.ar/blog/wp-content/uploads/2024/05/cropped-android-chrome-512x512-1-192x192.png]
[www.seonet.com.ar/blog/wp-content/uploads/2024/05/cropped-android-chrome-512x512-1-180x180.png]
[www.seonet.com.ar/blog/wp-content/uploads/2024/05/logo-seonet.png]
[www.seonet.com.ar/blog/wp-content/uploads/2020/10/perfil-pablo-suarez-SEOnet-96x96.jpg]
[www.seonet.com.ar/blog/wp-content/plugins/metronet-profile-picture/js/mpp-frontend6fca.js]
[www.seonet.com.ar/blog/wp-includes/js/hoverIntent.min3e5a.js]
[www.seonet.com.ar/blog/wp-content/themes/flatsome/assets/js/flatsomee56c.js]
[www.seonet.com.ar/blog/marketing-para-pymes/index.html]
[www.molpi.com.ar/vendor/bootstrap/fonts/glyphicons-halflings-regular.svg]
[www.molpi.com.ar/vendor/font-awesome/fonts/fontawesome-webfont3e6e.svg]
[www.molpi.com.ar/vendor/simple-line-icons/fonts/Simple-Line-Iconsb26c.svg]
[www.molpi.com.ar/img/custom-header-bg.html]
[www.molpi.com.ar/img/video-overlay.html]
[www.molpi.com.ar/img/map.html]
[www.molpi.com.ar/img/map-2.html]
[www.molpi.com.ar/img/home-concept-icons.html]
[www.molpi.com.ar/img/home-concept.html]
[www.molpi.com.ar/img/home-concept-item.html]
[www.molpi.com.ar/img/map-dark.html]
[www.molpi.com.ar/img/home-concept-dark.html]
[www.molpi.com.ar/img/home-concept-item-dark.html]
[www.molpi.com.ar/img/home-concept-icons-dark.html]
[www.molpi.com.ar/img/history-thumb-dark.html]
[www.molpi.com.ar/img/video-overlay-dark.html]
[www.molpi.com.ar/img/custom-underline.html]
[www.molpi.com.ar/img/flags.html]
[www.molpi.com.ar/img/history-thumb.html]
[www.molpi.com.ar/vendor/rs-plugin/fonts/revicons/revicons90c6.svg]
[www.molpi.com.ar/css/particular_productos.css]
[www.molpi.com.ar/img/products/vainilla_de_4_mosaico.html]
[www.molpi.com.ar/img/products/vainilla_de_5_mosaico.html]
[www.molpi.com.ar/img/products/laja_20x40_yeso_mosaico.html]
[www.molpi.com.ar/img/products/laja_san_pedro_mosaico.html]
[www.molpi.com.ar/img/products/flor_circular_mosaico.html]
[www.molpi.com.ar/img/products/antideslizante_mosaico.html]
[www.molpi.com.ar/img/products/piscina_borderecto_40x50_mosaico.html]
[www.molpi.com.ar/img/products/piscina_escalon_32x18_mosaico.html]
[www.molpi.com.ar/img/products/simil_piedra_mosaico.html]
[www.molpi.com.ar/img/products/revestimiento_20x40_yeso_mosaico.html]
[fonts.googleapis.com/index.html]
[www.seonet.com.ar/blog/wp-content/plugins/metronet-profile-picture/dist/blocks.style.build6fca.css]
[www.seonet.com.ar/blog/wp-content/themes/flatsome/assets/css/icons/fl-icons.eot]
[www.seonet.com.ar/blog/wp-content/themes/flatsome/assets/css/icons/fl-icons.woff2]
[www.seonet.com.ar/blog/wp-content/themes/flatsome/assets/css/icons/fl-icons.ttf]
[www.seonet.com.ar/blog/wp-content/themes/flatsome/assets/css/icons/fl-icons.woff]
[www.seonet.com.ar/blog/wp-content/themes/flatsome/assets/css/fl-iconsae34.css]
[www.seonet.com.ar/blog/wp-content/themes/flatsome/assets/img/shadow@2x.png]
[www.seonet.com.ar/blog/wp-content/themes/flatsome/assets/img/underline.png]
[www.seonet.com.ar/blog/wp-content/themes/flatsome/assets/css/flatsomee56c.css]
[fonts.googleapis.com/css2791.css]
[www.seonet.com.ar/blog/wp-content/themes/flatsome/assets/css/icons/fl-icons.svg]
